// Jest Snapshot v1, https://goo.gl/fbAQLP

exports[`Should render ContactPage component correctly 1`] = `
<div>
  ContactPage component.
</div>
`;
