// Jest Snapshot v1, https://goo.gl/fbAQLP

exports[`Should render IntroductionPage component correctly 1`] = `
<div>
  IntroductionPage component
</div>
`;
