// Jest Snapshot v1, https://goo.gl/fbAQLP

exports[`Should render ProjctsPage component correctly 1`] = `
<div>
  ProjectsPage component.
</div>
`;
