// Jest Snapshot v1, https://goo.gl/fbAQLP

exports[`Should render SkillsPage component correctly 1`] = `
<div>
  SkillsPage component
</div>
`;
